##########################################
# (1) LINK INFORMATION                   #
##########################################
c:\program files (x86)\renesas\hew\tools\renesas\nc30wa\v544r00\bin\ln30.exe @C:\Users\Student\Desktop\Project-4\renesasPt4\renesasPt4\Release\renesasPt4.m16cl

# ID CODE DATA
.ID  "#FFFFFFFFFFFFFF"

# ROM CODE PROTECT DATA
.PROTECT  FFH

# LINK FILE INFORMATION
ncrt0 (C:\Users\Student\Desktop\Project-4\renesasPt4\renesasPt4\Release\ncrt0.r30)
	Oct 25 14:20:07 2016

Interrupts (C:\Users\Student\Desktop\Project-4\renesasPt4\renesasPt4\Release\Interrupts.r30)
	Oct 25 14:20:06 2016

LCD (C:\Users\Student\Desktop\Project-4\renesasPt4\renesasPt4\Release\LCD.r30)
	Oct 25 14:20:06 2016

MCUInit (C:\Users\Student\Desktop\Project-4\renesasPt4\renesasPt4\Release\MCUInit.r30)
	Oct 25 14:20:06 2016

QSK62P (C:\Users\Student\Desktop\Project-4\renesasPt4\renesasPt4\Release\QSK62P.r30)
	Oct 25 14:20:07 2016

_f4tof8 (c:\program files (x86)\renesas\hew\tools\renesas\nc30wa\v544r00\lib30\nc30lib.lib)
	Nov  8 18:36:39 2007

_f8add (c:\program files (x86)\renesas\hew\tools\renesas\nc30wa\v544r00\lib30\nc30lib.lib)
	Nov  8 18:36:40 2007

_f8div (c:\program files (x86)\renesas\hew\tools\renesas\nc30wa\v544r00\lib30\nc30lib.lib)
	Nov  8 18:36:40 2007

_f8ge (c:\program files (x86)\renesas\hew\tools\renesas\nc30wa\v544r00\lib30\nc30lib.lib)
	Nov  8 18:36:40 2007

_f8ltor (c:\program files (x86)\renesas\hew\tools\renesas\nc30wa\v544r00\lib30\nc30lib.lib)
	Nov  8 18:36:41 2007

_f8mul (c:\program files (x86)\renesas\hew\tools\renesas\nc30wa\v544r00\lib30\nc30lib.lib)
	Nov  8 18:36:41 2007

_f8sub (c:\program files (x86)\renesas\hew\tools\renesas\nc30wa\v544r00\lib30\nc30lib.lib)
	Nov  8 18:36:41 2007

_f8tof4 (c:\program files (x86)\renesas\hew\tools\renesas\nc30wa\v544r00\lib30\nc30lib.lib)
	Nov  8 18:36:41 2007

_f8toi4u (c:\program files (x86)\renesas\hew\tools\renesas\nc30wa\v544r00\lib30\nc30lib.lib)
	Nov  8 18:36:42 2007

_ftol (c:\program files (x86)\renesas\hew\tools\renesas\nc30wa\v544r00\lib30\nc30lib.lib)
	Nov  8 18:36:42 2007

_i4divu (c:\program files (x86)\renesas\hew\tools\renesas\nc30wa\v544r00\lib30\nc30lib.lib)
	Nov  8 18:36:42 2007

_i4modu (c:\program files (x86)\renesas\hew\tools\renesas\nc30wa\v544r00\lib30\nc30lib.lib)
	Nov  8 18:36:43 2007

_i4mulu (c:\program files (x86)\renesas\hew\tools\renesas\nc30wa\v544r00\lib30\nc30lib.lib)
	Nov  8 18:36:43 2007

_i4tof4 (c:\program files (x86)\renesas\hew\tools\renesas\nc30wa\v544r00\lib30\nc30lib.lib)
	Nov  8 18:36:43 2007

_i4utof8 (c:\program files (x86)\renesas\hew\tools\renesas\nc30wa\v544r00\lib30\nc30lib.lib)
	Nov  8 18:36:43 2007

_ltof (c:\program files (x86)\renesas\hew\tools\renesas\nc30wa\v544r00\lib30\nc30lib.lib)
	Nov  8 18:36:44 2007

log (c:\program files (x86)\renesas\hew\tools\renesas\nc30wa\v544r00\lib30\nc30lib.lib)
	Nov  8 18:36:56 2007

mdata (c:\program files (x86)\renesas\hew\tools\renesas\nc30wa\v544r00\lib30\nc30lib.lib)
	Nov  8 18:36:57 2007

_f4adds (c:\program files (x86)\renesas\hew\tools\renesas\nc30wa\v544r00\lib30\nc30lib.lib)
	Feb 15 20:18:04 2007

_f4divs (c:\program files (x86)\renesas\hew\tools\renesas\nc30wa\v544r00\lib30\nc30lib.lib)
	Feb 15 20:18:05 2007

_f4muls (c:\program files (x86)\renesas\hew\tools\renesas\nc30wa\v544r00\lib30\nc30lib.lib)
	Feb 15 20:18:05 2007

_f4rets (c:\program files (x86)\renesas\hew\tools\renesas\nc30wa\v544r00\lib30\nc30lib.lib)
	Feb 15 20:18:05 2007

_f4ltor (c:\program files (x86)\renesas\hew\tools\renesas\nc30wa\v544r00\lib30\nc30lib.lib)
	Nov  8 18:36:38 2007

_f4rtol (c:\program files (x86)\renesas\hew\tools\renesas\nc30wa\v544r00\lib30\nc30lib.lib)
	Nov  8 18:36:39 2007

_f8ne (c:\program files (x86)\renesas\hew\tools\renesas\nc30wa\v544r00\lib30\nc30lib.lib)
	Nov  8 18:36:41 2007

_f8rtol (c:\program files (x86)\renesas\hew\tools\renesas\nc30wa\v544r00\lib30\nc30lib.lib)
	Nov  8 18:36:41 2007

_i4tof8 (c:\program files (x86)\renesas\hew\tools\renesas\nc30wa\v544r00\lib30\nc30lib.lib)
	Nov  8 18:36:43 2007

errno (c:\program files (x86)\renesas\hew\tools\renesas\nc30wa\v544r00\lib30\nc30lib.lib)
	Nov  8 18:36:49 2007

frexp (c:\program files (x86)\renesas\hew\tools\renesas\nc30wa\v544r00\lib30\nc30lib.lib)
	Nov  8 18:36:55 2007

infinity (c:\program files (x86)\renesas\hew\tools\renesas\nc30wa\v544r00\lib30\nc30lib.lib)
	Nov  8 18:36:55 2007

ldexp (c:\program files (x86)\renesas\hew\tools\renesas\nc30wa\v544r00\lib30\nc30lib.lib)
	Nov  8 18:36:56 2007


##########################################
# (2) SECTION INFORMATION                #
##########################################
# SECTION                        ATR TYPE    START  LENGTH ALIGN MODULENAME
data_SE                          ABS DATA    000480 000000       ncrt0
bss_SE                           REL DATA    000480 000000 2     ncrt0
data_SO                          REL DATA    000480 000000       ncrt0
bss_SO                           REL DATA    000480 000000       ncrt0
data_NE                          REL DATA    000480 000000 2     ncrt0
                                 REL DATA    000480 000006 2     QSK62P
                                 REL DATA    000486 000010 2     mdata
                                 REL DATA    000496 000002 2     errno
                                 REL DATA    000498 00000C 2     infinity
bss_NE                           REL DATA    0004A4 000000 2     ncrt0
                                 REL DATA    0004A4 000008 2     QSK62P
                                 REL DATA    0004AC 000008 2     mdata
data_NO                          REL DATA    0004B4 000000       ncrt0
                                 REL DATA    0004B4 000001       LCD
bss_NO                           REL DATA    0004B5 000000       ncrt0
                                 REL DATA    0004B5 000001       QSK62P
stack                            REL DATA    0004B6 000600 2     ncrt0
heap                             REL DATA    000AB6 000300       ncrt0
rom_NE                           ABS ROMDATA 00F000 000000       ncrt0
rom_NO                           REL ROMDATA 00F000 000000       ncrt0
rom_FE                           ABS ROMDATA 0F4000 000000       ncrt0
rom_FO                           REL ROMDATA 0F4000 000000       ncrt0
                                 REL ROMDATA 0F4000 00002C       QSK62P
data_SEI                         REL ROMDATA 0F402C 000000 2     ncrt0
data_SOI                         REL ROMDATA 0F402C 000000       ncrt0
data_NEI                         REL ROMDATA 0F402C 000000 2     ncrt0
                                 REL ROMDATA 0F402C 000006       QSK62P
                                 REL ROMDATA 0F4032 000010       mdata
                                 REL ROMDATA 0F4042 000002       errno
                                 REL ROMDATA 0F4044 00000C       infinity
data_NOI                         REL ROMDATA 0F4050 000000       ncrt0
                                 REL ROMDATA 0F4050 000001       LCD
program                          REL CODE    0F4052 000000 2     ncrt0
                                 REL CODE    0F4052 0000A3 2     Interrupts
                                 REL CODE    0F40F6 0007CC 2     LCD
                                 REL CODE    0F48C2 00006D 2     MCUInit
                                 REL CODE    0F4930 000315 2     QSK62P
                                 REL CODE    0F4C46 000086 2     _f4tof8
                                 REL CODE    0F4CCC 00091B 2     _f8add
                                 REL CODE    0F55E8 0002C9 2     _f8div
                                 REL CODE    0F58B2 0000A7 2     _f8ge
                                 REL CODE    0F595A 000054 2     _f8ltor
                                 REL CODE    0F59AE 0002C7 2     _f8mul
                                 REL CODE    0F5C76 000028 2     _f8sub
                                 REL CODE    0F5C9E 0000B3 2     _f8tof4
                                 REL CODE    0F5D52 000025 2     _f8toi4u
                                 REL CODE    0F5D78 000111 2     _ftol
                                 REL CODE    0F5E8A 00004D 2     _i4divu
                                 REL CODE    0F5ED8 00004B 2     _i4modu
                                 REL CODE    0F5F24 00001C 2     _i4mulu
                                 REL CODE    0F5F40 000022 2     _i4tof4
                                 REL CODE    0F5F62 000022 2     _i4utof8
                                 REL CODE    0F5F84 0000D4 2     _ltof
                                 REL CODE    0F6058 000337 2     log
                                 REL CODE    0F6390 00013B 2     _f4adds
                                 REL CODE    0F64CC 0000C4 2     _f4divs
                                 REL CODE    0F6590 0000B0 2     _f4muls
                                 REL CODE    0F6640 000032 2     _f4rets
                                 REL CODE    0F6672 000046 2     _f4ltor
                                 REL CODE    0F66B8 00003E 2     _f4rtol
                                 REL CODE    0F66F6 00007C 2     _f8ne
                                 REL CODE    0F6772 000041 2     _f8rtol
                                 REL CODE    0F67B4 000022 2     _i4tof8
                                 REL CODE    0F67D6 00004D 2     frexp
                                 REL CODE    0F6824 000051 2     ldexp
interrupt                        REL CODE    0F6876 000000 2     ncrt0
                                 REL CODE    0F6876 0000A7       ncrt0
program_S                        REL CODE    0F691E 000000 2     ncrt0
vector                           ABS ROMDATA 0FFD00 000100       ncrt0
fvector                          ABS ROMDATA 0FFFDC 000024       ncrt0
# Total -------------------------------------------------------------------
                                     DATA           000936(0002358) Byte(s)
                                     ROMDATA        000175(0000373) Byte(s)
                                     CODE           0028CA(0010442) Byte(s)

##########################################
# (3) GLOBAL LABEL INFORMATION           #
##########################################
$BNSPutch          0f4730  $DisplayString     0f4788  $LCD_write         0f47e6
$_f4ltor           0f6672  $_f4rtol           0f66b8  $_f8ltor           0f595a
$_f8rtol           0f6772  $_ftol             0f5d78  $_ltof             0f5f84
$exit              0f691a  $ldexp             0f6824  _A2DInterrupt      0f4052
_A2DProcessed      0004b5  _A2DValue          0004a6  _A2DValuePot       0004a8
_A2DValueTherm     0004aa  _ADInit            0f4bea  _BNSPrintf         0f4180
_DMA0Interrupt     0f405e  _DisplayDelay      0f4894  _InitDisplay       0f40f6
_InitUART          0f4906  _KeyBoardInterru   0f40d8  _LEDDisplay        0f4bf8
_MCUInit           0f48c2  _RTCInterrupt      0f40e4  _TimerA1Interrup   0f4080
_TimerA2Interrup   0f40d2  _TimerB0Interrup   0f40ea  _TimerInit         0f4bc0
_UART0ReceiveInt   0f4064  _UART0TransmitIn   0f4058  _WakeUpInterrupt   0f40de
_WatchDogInterru   0f40f0  ___huge_val        000498  ___huge_valf       0004a0
__f4add            0f63c0  __f4div            0f64ee  __f4mul            0f65b4
__f4retInf         0f664a  __f4retNaN         0f6640  __f4retNum         0f665a
__f4retZero        0f6646  __f4sub            0f63ba  __f4tof8           0f4c46
__f8add            0f4ccc  __f8div            0f55e8  __f8ge             0f58b2
__f8mul            0f59ae  __f8ne             0f66f6  __f8sub            0f5c76
__f8tof4           0f5c9e  __f8toi4U          0f5d52  __i4Utof8          0f5f62
__i4divU           0f5e8a  __i4modU           0f5ed8  __i4mulU           0f5f24
__i4tof4           0f5f40  __i4tof8           0f67b4  __memt             00048e
__mnext            0004ac  __msize            0004b0  __pool             000486
_btn1              000480  _btn2              000482  _btn3              000484
_disp_count        0004a4  _errno             000496  _exit              0f691a
_frexp             0f67d6  _log               0f6058  _main              0f4930
dummy_int          0f691c  start              0f6876  

##########################################
# (4) GLOBAL EQU SYMBOL INFORMATION      #
##########################################
__SB__           00000480  

##########################################
# (5) GLOBAL EQU BIT-SYMBOL INFORMATION  #
##########################################

##########################################
# (6) LOCAL LABEL INFORMATION            #
##########################################
@ ncrt0 ( C:\Users\Student\Desktop\Project-4\renesasPt4\renesasPt4\Release\ncrt0.r30 )
@ Interrupts ( C:\Users\Student\Desktop\Project-4\renesasPt4\renesasPt4\Release\Interrupts.r30 )
@ LCD ( C:\Users\Student\Desktop\Project-4\renesasPt4\renesasPt4\Release\LCD.r30 )
@ MCUInit ( C:\Users\Student\Desktop\Project-4\renesasPt4\renesasPt4\Release\MCUInit.r30 )
@ QSK62P ( C:\Users\Student\Desktop\Project-4\renesasPt4\renesasPt4\Release\QSK62P.r30 )
@ _f4tof8 ( c:\program files (x86)\renesas\hew\tools\renesas\nc30wa\v544r00\lib30\nc30lib.lib )
@ _f8add ( c:\program files (x86)\renesas\hew\tools\renesas\nc30wa\v544r00\lib30\nc30lib.lib )
@ _f8div ( c:\program files (x86)\renesas\hew\tools\renesas\nc30wa\v544r00\lib30\nc30lib.lib )
@ _f8ge ( c:\program files (x86)\renesas\hew\tools\renesas\nc30wa\v544r00\lib30\nc30lib.lib )
@ _f8ltor ( c:\program files (x86)\renesas\hew\tools\renesas\nc30wa\v544r00\lib30\nc30lib.lib )
@ _f8mul ( c:\program files (x86)\renesas\hew\tools\renesas\nc30wa\v544r00\lib30\nc30lib.lib )
@ _f8sub ( c:\program files (x86)\renesas\hew\tools\renesas\nc30wa\v544r00\lib30\nc30lib.lib )
@ _f8tof4 ( c:\program files (x86)\renesas\hew\tools\renesas\nc30wa\v544r00\lib30\nc30lib.lib )
@ _f8toi4u ( c:\program files (x86)\renesas\hew\tools\renesas\nc30wa\v544r00\lib30\nc30lib.lib )
@ _ftol ( c:\program files (x86)\renesas\hew\tools\renesas\nc30wa\v544r00\lib30\nc30lib.lib )
@ _i4divu ( c:\program files (x86)\renesas\hew\tools\renesas\nc30wa\v544r00\lib30\nc30lib.lib )
@ _i4modu ( c:\program files (x86)\renesas\hew\tools\renesas\nc30wa\v544r00\lib30\nc30lib.lib )
@ _i4mulu ( c:\program files (x86)\renesas\hew\tools\renesas\nc30wa\v544r00\lib30\nc30lib.lib )
@ _i4tof4 ( c:\program files (x86)\renesas\hew\tools\renesas\nc30wa\v544r00\lib30\nc30lib.lib )
@ _i4utof8 ( c:\program files (x86)\renesas\hew\tools\renesas\nc30wa\v544r00\lib30\nc30lib.lib )
@ _ltof ( c:\program files (x86)\renesas\hew\tools\renesas\nc30wa\v544r00\lib30\nc30lib.lib )
@ log ( c:\program files (x86)\renesas\hew\tools\renesas\nc30wa\v544r00\lib30\nc30lib.lib )
@ mdata ( c:\program files (x86)\renesas\hew\tools\renesas\nc30wa\v544r00\lib30\nc30lib.lib )
@ _f4adds ( c:\program files (x86)\renesas\hew\tools\renesas\nc30wa\v544r00\lib30\nc30lib.lib )
@ _f4divs ( c:\program files (x86)\renesas\hew\tools\renesas\nc30wa\v544r00\lib30\nc30lib.lib )
@ _f4muls ( c:\program files (x86)\renesas\hew\tools\renesas\nc30wa\v544r00\lib30\nc30lib.lib )
@ _f4rets ( c:\program files (x86)\renesas\hew\tools\renesas\nc30wa\v544r00\lib30\nc30lib.lib )
@ _f4ltor ( c:\program files (x86)\renesas\hew\tools\renesas\nc30wa\v544r00\lib30\nc30lib.lib )
@ _f4rtol ( c:\program files (x86)\renesas\hew\tools\renesas\nc30wa\v544r00\lib30\nc30lib.lib )
@ _f8ne ( c:\program files (x86)\renesas\hew\tools\renesas\nc30wa\v544r00\lib30\nc30lib.lib )
@ _f8rtol ( c:\program files (x86)\renesas\hew\tools\renesas\nc30wa\v544r00\lib30\nc30lib.lib )
@ _i4tof8 ( c:\program files (x86)\renesas\hew\tools\renesas\nc30wa\v544r00\lib30\nc30lib.lib )
@ errno ( c:\program files (x86)\renesas\hew\tools\renesas\nc30wa\v544r00\lib30\nc30lib.lib )
@ frexp ( c:\program files (x86)\renesas\hew\tools\renesas\nc30wa\v544r00\lib30\nc30lib.lib )
@ infinity ( c:\program files (x86)\renesas\hew\tools\renesas\nc30wa\v544r00\lib30\nc30lib.lib )
@ ldexp ( c:\program files (x86)\renesas\hew\tools\renesas\nc30wa\v544r00\lib30\nc30lib.lib )

##########################################
# (7) LOCAL EQU SYMBOL INFORMATION       #
##########################################
@ ncrt0 ( C:\Users\Student\Desktop\Project-4\renesasPt4\renesasPt4\Release\ncrt0.r30 )
@ Interrupts ( C:\Users\Student\Desktop\Project-4\renesasPt4\renesasPt4\Release\Interrupts.r30 )
@ LCD ( C:\Users\Student\Desktop\Project-4\renesasPt4\renesasPt4\Release\LCD.r30 )
@ MCUInit ( C:\Users\Student\Desktop\Project-4\renesasPt4\renesasPt4\Release\MCUInit.r30 )
@ QSK62P ( C:\Users\Student\Desktop\Project-4\renesasPt4\renesasPt4\Release\QSK62P.r30 )
@ _f4tof8 ( c:\program files (x86)\renesas\hew\tools\renesas\nc30wa\v544r00\lib30\nc30lib.lib )
@ _f8add ( c:\program files (x86)\renesas\hew\tools\renesas\nc30wa\v544r00\lib30\nc30lib.lib )
@ _f8div ( c:\program files (x86)\renesas\hew\tools\renesas\nc30wa\v544r00\lib30\nc30lib.lib )
@ _f8ge ( c:\program files (x86)\renesas\hew\tools\renesas\nc30wa\v544r00\lib30\nc30lib.lib )
@ _f8ltor ( c:\program files (x86)\renesas\hew\tools\renesas\nc30wa\v544r00\lib30\nc30lib.lib )
@ _f8mul ( c:\program files (x86)\renesas\hew\tools\renesas\nc30wa\v544r00\lib30\nc30lib.lib )
@ _f8sub ( c:\program files (x86)\renesas\hew\tools\renesas\nc30wa\v544r00\lib30\nc30lib.lib )
@ _f8tof4 ( c:\program files (x86)\renesas\hew\tools\renesas\nc30wa\v544r00\lib30\nc30lib.lib )
@ _f8toi4u ( c:\program files (x86)\renesas\hew\tools\renesas\nc30wa\v544r00\lib30\nc30lib.lib )
@ _ftol ( c:\program files (x86)\renesas\hew\tools\renesas\nc30wa\v544r00\lib30\nc30lib.lib )
@ _i4divu ( c:\program files (x86)\renesas\hew\tools\renesas\nc30wa\v544r00\lib30\nc30lib.lib )
@ _i4modu ( c:\program files (x86)\renesas\hew\tools\renesas\nc30wa\v544r00\lib30\nc30lib.lib )
@ _i4mulu ( c:\program files (x86)\renesas\hew\tools\renesas\nc30wa\v544r00\lib30\nc30lib.lib )
@ _i4tof4 ( c:\program files (x86)\renesas\hew\tools\renesas\nc30wa\v544r00\lib30\nc30lib.lib )
@ _i4utof8 ( c:\program files (x86)\renesas\hew\tools\renesas\nc30wa\v544r00\lib30\nc30lib.lib )
@ _ltof ( c:\program files (x86)\renesas\hew\tools\renesas\nc30wa\v544r00\lib30\nc30lib.lib )
@ log ( c:\program files (x86)\renesas\hew\tools\renesas\nc30wa\v544r00\lib30\nc30lib.lib )
@ mdata ( c:\program files (x86)\renesas\hew\tools\renesas\nc30wa\v544r00\lib30\nc30lib.lib )
@ _f4adds ( c:\program files (x86)\renesas\hew\tools\renesas\nc30wa\v544r00\lib30\nc30lib.lib )
@ _f4divs ( c:\program files (x86)\renesas\hew\tools\renesas\nc30wa\v544r00\lib30\nc30lib.lib )
@ _f4muls ( c:\program files (x86)\renesas\hew\tools\renesas\nc30wa\v544r00\lib30\nc30lib.lib )
@ _f4rets ( c:\program files (x86)\renesas\hew\tools\renesas\nc30wa\v544r00\lib30\nc30lib.lib )
@ _f4ltor ( c:\program files (x86)\renesas\hew\tools\renesas\nc30wa\v544r00\lib30\nc30lib.lib )
@ _f4rtol ( c:\program files (x86)\renesas\hew\tools\renesas\nc30wa\v544r00\lib30\nc30lib.lib )
@ _f8ne ( c:\program files (x86)\renesas\hew\tools\renesas\nc30wa\v544r00\lib30\nc30lib.lib )
@ _f8rtol ( c:\program files (x86)\renesas\hew\tools\renesas\nc30wa\v544r00\lib30\nc30lib.lib )
@ _i4tof8 ( c:\program files (x86)\renesas\hew\tools\renesas\nc30wa\v544r00\lib30\nc30lib.lib )
@ errno ( c:\program files (x86)\renesas\hew\tools\renesas\nc30wa\v544r00\lib30\nc30lib.lib )
@ frexp ( c:\program files (x86)\renesas\hew\tools\renesas\nc30wa\v544r00\lib30\nc30lib.lib )
@ infinity ( c:\program files (x86)\renesas\hew\tools\renesas\nc30wa\v544r00\lib30\nc30lib.lib )
@ ldexp ( c:\program files (x86)\renesas\hew\tools\renesas\nc30wa\v544r00\lib30\nc30lib.lib )

##########################################
# (8) LOCAL EQU BIT-SYMBOL INFORMATION   #
##########################################
@ ncrt0 ( C:\Users\Student\Desktop\Project-4\renesasPt4\renesasPt4\Release\ncrt0.r30 )
@ Interrupts ( C:\Users\Student\Desktop\Project-4\renesasPt4\renesasPt4\Release\Interrupts.r30 )
@ LCD ( C:\Users\Student\Desktop\Project-4\renesasPt4\renesasPt4\Release\LCD.r30 )
@ MCUInit ( C:\Users\Student\Desktop\Project-4\renesasPt4\renesasPt4\Release\MCUInit.r30 )
@ QSK62P ( C:\Users\Student\Desktop\Project-4\renesasPt4\renesasPt4\Release\QSK62P.r30 )
@ _f4tof8 ( c:\program files (x86)\renesas\hew\tools\renesas\nc30wa\v544r00\lib30\nc30lib.lib )
@ _f8add ( c:\program files (x86)\renesas\hew\tools\renesas\nc30wa\v544r00\lib30\nc30lib.lib )
@ _f8div ( c:\program files (x86)\renesas\hew\tools\renesas\nc30wa\v544r00\lib30\nc30lib.lib )
@ _f8ge ( c:\program files (x86)\renesas\hew\tools\renesas\nc30wa\v544r00\lib30\nc30lib.lib )
@ _f8ltor ( c:\program files (x86)\renesas\hew\tools\renesas\nc30wa\v544r00\lib30\nc30lib.lib )
@ _f8mul ( c:\program files (x86)\renesas\hew\tools\renesas\nc30wa\v544r00\lib30\nc30lib.lib )
@ _f8sub ( c:\program files (x86)\renesas\hew\tools\renesas\nc30wa\v544r00\lib30\nc30lib.lib )
@ _f8tof4 ( c:\program files (x86)\renesas\hew\tools\renesas\nc30wa\v544r00\lib30\nc30lib.lib )
@ _f8toi4u ( c:\program files (x86)\renesas\hew\tools\renesas\nc30wa\v544r00\lib30\nc30lib.lib )
@ _ftol ( c:\program files (x86)\renesas\hew\tools\renesas\nc30wa\v544r00\lib30\nc30lib.lib )
@ _i4divu ( c:\program files (x86)\renesas\hew\tools\renesas\nc30wa\v544r00\lib30\nc30lib.lib )
@ _i4modu ( c:\program files (x86)\renesas\hew\tools\renesas\nc30wa\v544r00\lib30\nc30lib.lib )
@ _i4mulu ( c:\program files (x86)\renesas\hew\tools\renesas\nc30wa\v544r00\lib30\nc30lib.lib )
@ _i4tof4 ( c:\program files (x86)\renesas\hew\tools\renesas\nc30wa\v544r00\lib30\nc30lib.lib )
@ _i4utof8 ( c:\program files (x86)\renesas\hew\tools\renesas\nc30wa\v544r00\lib30\nc30lib.lib )
@ _ltof ( c:\program files (x86)\renesas\hew\tools\renesas\nc30wa\v544r00\lib30\nc30lib.lib )
@ log ( c:\program files (x86)\renesas\hew\tools\renesas\nc30wa\v544r00\lib30\nc30lib.lib )
@ mdata ( c:\program files (x86)\renesas\hew\tools\renesas\nc30wa\v544r00\lib30\nc30lib.lib )
@ _f4adds ( c:\program files (x86)\renesas\hew\tools\renesas\nc30wa\v544r00\lib30\nc30lib.lib )
@ _f4divs ( c:\program files (x86)\renesas\hew\tools\renesas\nc30wa\v544r00\lib30\nc30lib.lib )
@ _f4muls ( c:\program files (x86)\renesas\hew\tools\renesas\nc30wa\v544r00\lib30\nc30lib.lib )
@ _f4rets ( c:\program files (x86)\renesas\hew\tools\renesas\nc30wa\v544r00\lib30\nc30lib.lib )
@ _f4ltor ( c:\program files (x86)\renesas\hew\tools\renesas\nc30wa\v544r00\lib30\nc30lib.lib )
@ _f4rtol ( c:\program files (x86)\renesas\hew\tools\renesas\nc30wa\v544r00\lib30\nc30lib.lib )
@ _f8ne ( c:\program files (x86)\renesas\hew\tools\renesas\nc30wa\v544r00\lib30\nc30lib.lib )
@ _f8rtol ( c:\program files (x86)\renesas\hew\tools\renesas\nc30wa\v544r00\lib30\nc30lib.lib )
@ _i4tof8 ( c:\program files (x86)\renesas\hew\tools\renesas\nc30wa\v544r00\lib30\nc30lib.lib )
@ errno ( c:\program files (x86)\renesas\hew\tools\renesas\nc30wa\v544r00\lib30\nc30lib.lib )
@ frexp ( c:\program files (x86)\renesas\hew\tools\renesas\nc30wa\v544r00\lib30\nc30lib.lib )
@ infinity ( c:\program files (x86)\renesas\hew\tools\renesas\nc30wa\v544r00\lib30\nc30lib.lib )
@ ldexp ( c:\program files (x86)\renesas\hew\tools\renesas\nc30wa\v544r00\lib30\nc30lib.lib )

*** Mapping List ***

SECTION                            START      END         SIZE   ALIGN

data_SE
                                  00000480  00000480         0   1
bss_SE
                                  00000480  00000480         0   2
data_SO
                                  00000480  00000480         0   1
bss_SO
                                  00000480  00000480         0   1
data_NE
                                  00000480  000004a3        24   2
bss_NE
                                  000004a4  000004b3        10   2
data_NO
                                  000004b4  000004b4         1   1
bss_NO
                                  000004b5  000004b5         1   1
stack
                                  000004b6  00000ab5       600   2
heap
                                  00000ab6  00000db5       300   1
rom_NE
                                  0000f000  0000f000         0   1
rom_NO
                                  0000f000  0000f000         0   1
rom_FE
                                  000f4000  000f4000         0   1
rom_FO
                                  000f4000  000f402b        2c   1
data_SEI
                                  000f402c  000f402c         0   2
data_SOI
                                  000f402c  000f402c         0   1
data_NEI
                                  000f402c  000f404f        24   2
data_NOI
                                  000f4050  000f4050         1   1
program
                                  000f4052  000f6874      2823   2
interrupt
                                  000f6876  000f691c        a7   2
program_S
                                  000f691e  000f691e         0   2
vector
                                  000ffd00  000ffdff       100   1
fvector
                                  000fffdc  000fffff        24   1

*** Symbol List ***

SECTION=
FILE=                               START        END    SIZE
  SYMBOL                            ADDR        SIZE    INFO      COUNTS  OPT

SECTION=data_SE
FILE=ncrt0
                                  00000480  00000480         0
  __SB__
                                  00000480         0   none ,g         0

SECTION=data_NE
FILE=C:/Users/Student/Desktop/Project-4/renesasPt4/renesasPt4/QSK62P
                                  00000480  00000485         6
  _btn1
                                  00000480         2   data ,g         0
  _btn2
                                  00000482         2   data ,g         0
  _btn3
                                  00000484         2   data ,g         0

FILE=mdata
                                  00000486  00000495        10
  __memt
                                  0000048e         0   none ,g         0
  __pool
                                  00000486         0   none ,g         0

FILE=errno
                                  00000496  00000497         2
  _errno
                                  00000496         0   none ,g         0

FILE=infinity
                                  00000498  000004a3         c
  ___huge_val
                                  00000498         0   none ,g         0
  ___huge_valf
                                  000004a0         0   none ,g         0

SECTION=bss_NE
FILE=C:/Users/Student/Desktop/Project-4/renesasPt4/renesasPt4/QSK62P
                                  000004a4  000004ab         8
  _disp_count
                                  000004a4         2   data ,g         0
  _A2DValue
                                  000004a6         2   data ,g         0
  _A2DValuePot
                                  000004a8         2   data ,g         0
  _A2DValueTherm
                                  000004aa         2   data ,g         0

FILE=mdata
                                  000004ac  000004b3         8
  __mnext
                                  000004ac         0   none ,g         0
  __msize
                                  000004b0         0   none ,g         0

SECTION=bss_NO
FILE=ncrt0
                                  000004b5  000004b5         0
  _A2DProcessed
                                  000004b5         1   data ,g         0

SECTION=program
FILE=C:/Users/Student/Desktop/Project-4/renesasPt4/renesasPt4/Interrupts
                                  000f4052  000f40f4        a3
  _A2DInterrupt
                                  000f4052         5   func ,g         0
  _UART0TransmitInterrupt
                                  000f4058         6   func ,g         0
  _DMA0Interrupt
                                  000f405e         6   func ,g         0
  _UART0ReceiveInterrupt
                                  000f4064        1d   func ,g         0
  _TimerA1Interrupt
                                  000f4080        52   func ,g         0
  _TimerA2Interrupt
                                  000f40d2         5   func ,g         0
  _KeyBoardInterrupt
                                  000f40d8         6   func ,g         0
  _WakeUpInterrupt
                                  000f40de         6   func ,g         0
  _RTCInterrupt
                                  000f40e4         6   func ,g         0
  _TimerB0Interrupt
                                  000f40ea         6   func ,g         0

FILE=C:/Users/Student/Desktop/Project-4/renesasPt4/renesasPt4/LCD
                                  000f40f6  000f48c1       7cc
  _InitDisplay
                                  000f40f6        8a   func ,g         0
  _BNSPrintf
                                  000f4180       5af   func ,g         0
  $BNSPutch
                                  000f4730        58   func ,g         0
  $DisplayString
                                  000f4788        5f   func ,g         0
  $LCD_write
                                  000f47e6        ae   func ,g         0
  _DisplayDelay
                                  000f4894        2e   func ,g         0

FILE=C:/Users/Student/Desktop/Project-4/renesasPt4/renesasPt4/MCUInit
                                  000f48c2  000f492e        6d
  _MCUInit
                                  000f48c2        44   func ,g         0
  _InitUART
                                  000f4906        29   func ,g         0

FILE=C:/Users/Student/Desktop/Project-4/renesasPt4/renesasPt4/QSK62P
                                  000f4930  000f4c44       315
  _main
                                  000f4930       28f   func ,g         0
  _TimerInit
                                  000f4bc0        2a   func ,g         0
  _ADInit
                                  000f4bea         e   func ,g         0

FILE=_f4tof8
                                  000f4c46  000f4ccb        86
  __f4tof8
                                  000f4c46        86   func ,g         0

FILE=_f8add
                                  000f4ccc  000f55e6       91b
  __f8add
                                  000f4ccc       6dd   func ,g         0

FILE=_f8div
                                  000f55e8  000f58b0       2c9
  __f8div
                                  000f55e8       2c9   func ,g         0

FILE=_f8ge
                                  000f58b2  000f5958        a7
  __f8ge
                                  000f58b2        a7   func ,g         0

FILE=_f8ltor
                                  000f595a  000f59ad        54
  $_f8ltor
                                  000f595a        54   func ,g         0

FILE=_f8mul
                                  000f59ae  000f5c74       2c7
  __f8mul
                                  000f59ae       2c7   func ,g         0

FILE=_f8sub
                                  000f5c76  000f5c9d        28
  __f8sub
                                  000f5c76        28   func ,g         0

FILE=_f8tof4
                                  000f5c9e  000f5d50        b3
  __f8tof4
                                  000f5c9e        b3   func ,g         0

FILE=_f8toi4u
                                  000f5d52  000f5d76        25
  __f8toi4U
                                  000f5d52        25   func ,g         0

FILE=_ftol
                                  000f5d78  000f5e88       111
  $_ftol
                                  000f5d78       111   func ,g         0

FILE=_i4divu
                                  000f5e8a  000f5ed6        4d
  __i4divU
                                  000f5e8a        4d   func ,g         0

FILE=_i4modu
                                  000f5ed8  000f5f22        4b
  __i4modU
                                  000f5ed8        4b   func ,g         0

FILE=_i4mulu
                                  000f5f24  000f5f3f        1c
  __i4mulU
                                  000f5f24        1c   func ,g         0

FILE=_i4tof4
                                  000f5f40  000f5f61        22
  __i4tof4
                                  000f5f40        22   func ,g         0

FILE=_i4utof8
                                  000f5f62  000f5f83        22
  __i4Utof8
                                  000f5f62        22   func ,g         0

FILE=_ltof
                                  000f5f84  000f6057        d4
  $_ltof
                                  000f5f84        d4   func ,g         0

FILE=log
                                  000f6058  000f638e       337
  _log
                                  000f6058       337   func ,g         0

FILE=_f4adds
                                  000f6390  000f64ca       13b
  __f4sub
                                  000f63ba         0   func ,g         0
  __f4add
                                  000f63c0         0   func ,g         0

FILE=_f4divs
                                  000f64cc  000f658f        c4
  __f4div
                                  000f64ee         0   func ,g         0

FILE=_f4muls
                                  000f6590  000f663f        b0
  __f4mul
                                  000f65b4         0   func ,g         0

FILE=_f4rets
                                  000f6640  000f6671        32
  __f4retInf
                                  000f664a         0   none ,g         0
  __f4retNaN
                                  000f6640         0   none ,g         0
  __f4retNum
                                  000f665a         0   none ,g         0
  __f4retZero
                                  000f6646         0   none ,g         0

FILE=_f4ltor
                                  000f6672  000f66b7        46
  $_f4ltor
                                  000f6672        46   func ,g         0

FILE=_f4rtol
                                  000f66b8  000f66f5        3e
  $_f4rtol
                                  000f66b8        3e   func ,g         0

FILE=_f8ne
                                  000f66f6  000f6771        7c
  __f8ne
                                  000f66f6        7c   func ,g         0

FILE=_f8rtol
                                  000f6772  000f67b2        41
  $_f8rtol
                                  000f6772        41   func ,g         0

FILE=_i4tof8
                                  000f67b4  000f67d5        22
  __i4tof8
                                  000f67b4        22   func ,g         0

FILE=frexp
                                  000f67d6  000f6822        4d
  _frexp
                                  000f67d6        4d   func ,g         0

FILE=ldexp
                                  000f6824  000f6874        51
  $ldexp
                                  000f6824        51   func ,g         0

SECTION=interrupt
FILE=ncrt0
                                  000f6876  000f691c        a7
  $exit
                                  000f691a         0   none ,g         0
  _exit
                                  000f691a         0   none ,g         0
  dummy_int
                                  000f691c         0   none ,g         0

